---
source: tests/snapshot_session_list.rs
expression: frame
---
                              │                                                 
  no tmux sessions            │   ███▀▀█▄▄▄█▀▀█▄▄▄█▀▀▀  ██  ██▄▄█▄ ██           
  (press n to create · g for a│   ███▀▀█▄███ ███ ▀▀▀▀█▄ ██  ██ ██▀▀██           
                              │   ███▄▄█▀▀▀█▄▄█▀███▄▄█▀▀▀█▄▄█▀ ██  ██           
                              │                                                 
                              │   v0.4.0 · TDF banner: eatmex                   
                              │                                                 
                              │   press n to create a session                   
                              │   press f to cycle banner fonts                 
 bosun  v0.4.0 0 sessions↵ attach · s single-win · n new · e edit · g group · 1-
