---
source: tests/snapshot_session_list.rs
expression: frame
---
                              │                                                 
  no tmux sessions            │   ███▀▀█▄▄▄█▀▀█▄▄▄█▀▀▀  ██  ██▄▄█▄ ██           
  (press n to create · g for a│   ███▀▀█▄███ ███ ▀▀▀▀█▄ ██  ██ ██▀▀██           
                              │   ███▄▄█▀▀▀█▄▄█▀███▄▄█▀▀▀█▄▄█▀ ██  ██           
                              │                                                 
                              │   v0.3.6 · TDF banner: eatmex                   
                              │                                                 
                              │   press n to create a session                   
                              │   press f to cycle banner fonts                 
 bosun  v0.3.6 0 sessions↵ attach · n new · g group · 1-9 move · r ren · d kill
