---
source: tests/snapshot_session_list.rs
expression: frame
---
                              │                                                 
  no tmux sessions            │                                                 
  (press n to create · g for a│                                                 
                              │                                                 
                              │                                                 
                              │                                                 
                              │                                                 
                              │                                                 
                              │                                                 
 bosun  v0.2.11 0 sessions↵ attach · n new · g group · 1-9 move · r ren · d kill
