---
source: tests/snapshot_session_list.rs
assertion_line: 77
expression: frame
---
 ▌ ○  alpha  1w                                                                 
                                preview: capturing…                             
                                                                                
                                                                                
                                                                                
 bosun  list: tmux not running↑↓ nav · ↵ attach · n new · r rename · d kill · q
