---
source: tests/snapshot_session_list.rs
expression: frame
---
 ▌ ○  alpha  1w               │                                                 
       claude · /tmp/work     │  preview: capturing…                            
                              │                                                 
                              │                                                 
                              │                                                 
 bosun  v0.3.4 list: tmux not running↵ attach · n new · g group · 1-9 move · r r
