---
source: tests/snapshot_session_list.rs
expression: frame
---
   ●  build  1w               │                                                 
       claude · /tmp/work     │  preview: capturing…                            
 ▌ ◐  review  1w  •attached   │                                                 
       claude · /tmp/work     │                                                 
   ○  shell  1w               │                                                 
       claude · /tmp/work     │                                                 
   ✕  crashed  1w             │                                                 
       claude · /tmp/work     │                                                 
                              │                                                 
 bosun  v0.2.12 4 sessions↵ attach · n new · g group · 1-9 move · r ren · d kill
