---
source: tests/snapshot_session_list.rs
expression: frame
---
   ●  build  1w                                                                 
 ▌ ◐  review  1w  •attached     preview: capturing…                             
   ○  shell  1w                                                                 
   ✕  crashed  1w                                                               
                                                                                
                                                                                
                                                                                
                                                                                
                                                                                
 bosun  4 sessions ↵ attach · n new · r ren · R rst · d kill · t theme · q quit
