---
source: tests/snapshot_session_list.rs
expression: frame
---
   ○  alpha  1w               │                                                 
       claude · /tmp/work     │    ██▀▀█▄ ██▀▀█▄▄▄█▀▀▀▄▄█▄▄▄█████ ██  ██▄▄█▄▄▄  
 ▌ 1 ▾ PREMIUM PRODUCTS  (2)  │    ██▄▄█▀ ██▄▄█▀ ██▄  ███▀▀██████ ██  █████▀▀█  
     ○  beta  1w              │    ██     ██▀▀██ ██▄▄▄███  ██████▀▀█▄▄█▀███  █  
         claude · /tmp/work   │                                                 
     ○  gamma  1w  •attached  │   font: eatmex · f to cycle · 2 sessions        
         claude · /tmp/work   │   ────────────────────────────────────────────  
                              │   ○  beta   claude   2941w                      
                              │        /tmp/work                                
                              │   ○  gamma   claude   2941w  •attached          
                              │        /tmp/work                                
 bosun  v0.3.3 3 sessions↵ attach · n new · g group · 1-9 move · r ren · d kill
