---
source: tests/snapshot_session_list.rs
assertion_line: 93
expression: frame
---
   ●  build  1w                                                                 
 ▌ ◐  review  1w  •attached     preview: capturing…                             
   ○  shell  1w                                                                 
   ✕  crashed  1w                                                               
                                                                                
                                                                                
                                                                                
                                                                                
                                                                                
 bosun  4 sessions       ↑↓ nav · ↵ attach · n new · r rename · d kill · q quit
