---
source: tests/snapshot_session_list.rs
assertion_line: 76
expression: frame
---
 ▌ ○  alpha  1w                                                                 
                                preview: capturing…                             
                                                                                
                                                                                
                                                                                
 bosun  list: tmux not running                      ↑/↓ nav · ↵ attach · q quit
