---
source: tests/snapshot_session_list.rs
expression: frame
---
   ○  alpha  1w                                                                 
 ▌ ○  beta  1w  •attached       preview: capturing…                             
   ○  gamma  1w                                                                 
                                                                                
                                                                                
                                                                                
                                                                                
                                                                                
                                                                                
 bosun  3 sessions ↵ attach · n new · r ren · R rst · d kill · t theme · q quit
