---
source: tests/snapshot_session_list.rs
assertion_line: 66
expression: frame
---
   ○  alpha  1w                                                                 
 ▌ ○  beta  1w  •attached       preview: capturing…                             
   ○  gamma  1w                                                                 
                                                                                
                                                                                
                                                                                
                                                                                
                                                                                
                                                                                
 bosun  3 sessions       ↑↓ nav · ↵ attach · n new · r rename · d kill · q quit
